../Middlewares/Third_Party/LwIP/src/core/dns.c:318:1:dns_init	4	static
../Middlewares/Third_Party/LwIP/src/core/dns.c:364:1:dns_setserver	16	static
../Middlewares/Third_Party/LwIP/src/core/dns.c:384:1:dns_getserver	16	static
../Middlewares/Third_Party/LwIP/src/core/dns.c:398:1:dns_tmr	8	static
../Middlewares/Third_Party/LwIP/src/core/dns.c:605:1:dns_lookup	24	static
../Middlewares/Third_Party/LwIP/src/core/dns.c:651:1:dns_compare_name	40	static
../Middlewares/Third_Party/LwIP/src/core/dns.c:698:1:dns_skip_name	24	static
../Middlewares/Third_Party/LwIP/src/core/dns.c:735:1:dns_send	72	static
../Middlewares/Third_Party/LwIP/src/core/dns.c:847:1:dns_alloc_random_port	24	static
../Middlewares/Third_Party/LwIP/src/core/dns.c:881:1:dns_alloc_pcb	24	static
../Middlewares/Third_Party/LwIP/src/core/dns.c:923:1:dns_call_found	32	static
../Middlewares/Third_Party/LwIP/src/core/dns.c:981:1:dns_create_txid	16	static
../Middlewares/Third_Party/LwIP/src/core/dns.c:1011:1:dns_check_entry	24	static
../Middlewares/Third_Party/LwIP/src/core/dns.c:1088:1:dns_check_entries	16	static
../Middlewares/Third_Party/LwIP/src/core/dns.c:1101:1:dns_correct_response	24	static
../Middlewares/Third_Party/LwIP/src/core/dns.c:1133:1:dns_recv	80	static
../Middlewares/Third_Party/LwIP/src/core/dns.c:1317:1:dns_enqueue	48	static
../Middlewares/Third_Party/LwIP/src/core/dns.c:1468:1:dns_gethostbyname	32	static
../Middlewares/Third_Party/LwIP/src/core/dns.c:1489:1:dns_gethostbyname_addrtype	32	static
