../Middlewares/ST/STM32_USB_Device_Library/Class/MSC/Src/usbd_msc_bot.c:102:6:MSC_BOT_Init	24	static
../Middlewares/ST/STM32_USB_Device_Library/Class/MSC/Src/usbd_msc_bot.c:128:6:MSC_BOT_Reset	24	static
../Middlewares/ST/STM32_USB_Device_Library/Class/MSC/Src/usbd_msc_bot.c:146:6:MSC_BOT_DeInit	24	static
../Middlewares/ST/STM32_USB_Device_Library/Class/MSC/Src/usbd_msc_bot.c:159:6:MSC_BOT_DataIn	24	static
../Middlewares/ST/STM32_USB_Device_Library/Class/MSC/Src/usbd_msc_bot.c:192:6:MSC_BOT_DataOut	24	static
../Middlewares/ST/STM32_USB_Device_Library/Class/MSC/Src/usbd_msc_bot.c:225:14:MSC_BOT_CBW_Decode	24	static
../Middlewares/ST/STM32_USB_Device_Library/Class/MSC/Src/usbd_msc_bot.c:289:14:MSC_BOT_SendData	32	static
../Middlewares/ST/STM32_USB_Device_Library/Class/MSC/Src/usbd_msc_bot.c:310:7:MSC_BOT_SendCSW	24	static
../Middlewares/ST/STM32_USB_Device_Library/Class/MSC/Src/usbd_msc_bot.c:334:14:MSC_BOT_Abort	24	static
../Middlewares/ST/STM32_USB_Device_Library/Class/MSC/Src/usbd_msc_bot.c:362:7:MSC_BOT_CplClrFeature	24	static
