../Shell/Shell.c:278:6:ShCharOut	16	static
../Shell/Shell.c:310:6:ShBuffOut	24	static
../Shell/Shell.c:358:6:ShStringOut	16	static
../Shell/Shell.c:377:6:ShFieldOut	32	static
../Shell/Shell.c:406:6:ShFieldNumberOut	128	static
../Shell/Shell.c:437:6:ShNL	16	static
../Shell/Shell.c:443:6:ShCR	16	static
../Shell/Shell.c:461:6:shprintf	108	static
../Shell/Shell.c:493:6:ShGetChar	24	static
../Shell/Shell.c:537:6:ShKbHit	16	static
../Shell/Shell.c:581:5:isfloat	16	static
../Shell/Shell.c:602:9:OpenScript	152	static
../Shell/Shell.c:683:9:OpenPacket	152	static
../Shell/Shell.c:762:12:ShHelp	776	static
../Shell/Shell.c:1174:12:ShRem	24	static
../Shell/Shell.c:1196:12:ShDelay	32	static
../Shell/Shell.c:1227:12:ShEcho	24	static
../Shell/Shell.c:1307:12:ShClrScreen	24	static
../Shell/Shell.c:1327:12:ShClrEOL	24	static
../Shell/Shell.c:1347:12:ShGotoXY	32	static
../Shell/Shell.c:1386:12:ShCursor	24	static
../Shell/Shell.c:1421:5:strcasecmp	24	static
../Shell/Shell.c:1443:5:GetColorOffset	16	static
../Shell/Shell.c:1468:5:GetAttribute	16	static
../Shell/Shell.c:1507:12:ShTextColor	40	static
../Shell/Shell.c:1577:12:ShVariables	24	static
../Shell/Shell.c:1789:12:ShArgs	32	static
../Shell/Shell.c:1845:12:ShSend	24	static
../Shell/Shell.c:2320:6:AddToHistory	16	static
../Shell/Shell.c:2345:6:parse_args	200	static
../Shell/Shell.c:2391:5:ExecuteCommand	24	static
../Shell/Shell.c:2409:5:FindCommand	56	static
../Shell/Shell.c:2450:6:Prompt	16	static
../Shell/Shell.c:2475:6:ShellInit	8	static
../Shell/Shell.c:2528:6:PrintReturnString	16	static
../Shell/Shell.c:2598:5:RunScript	32	static
../Shell/Shell.c:2637:5:ShellMain	656	static
../Shell/Shell.c:2808:9:PortIndex	24	static
../Shell/Shell.c:2842:6:DoShell	16	static
../Shell/Shell.c:2920:5:GetInput	24	static
../Shell/Shell.c:2991:6:ShellTask	16	static
../Shell/Shell.c:3015:6:ScriptTask	16	static
