../Shell/ShellScript.c:152:12:DoRun	32	static
../Shell/ShellScript.c:194:6:ScriptDone	8	static
../Shell/ShellScript.c:215:6:DoScriptRun	136	static
../Shell/ShellScript.c:410:12:TestCondition	40	static
../Shell/ShellScript.c:597:12:ShScripts	48	static
../Shell/ShellScript.c:694:12:ShIf	24	static
../Shell/ShellScript.c:717:12:ShElse	24	static
../Shell/ShellScript.c:736:12:ShEndif	24	static
../Shell/ShellScript.c:757:12:ShLoop	32	static
../Shell/ShellScript.c:795:12:ShEndLoop	24	static
../Shell/ShellScript.c:829:12:ShBreak	24	static
../Shell/ShellScript.c:853:12:ShPrompt	24	static
../Shell/ShellScript.c:875:12:ShReturn	24	static
../Shell/ShellScript.c:886:14:GetLoopCount	4	static
