../Core/Src/Track.c:115:6:MainTrackConfig	144	static
../Core/Src/Track.c:263:6:TIM2_IRQHandler	8	static
../Core/Src/Track.c:343:6:TrackIdlePacket	24	static
../Core/Src/Track.c:411:6:TrackResetPacket	24	static
../Core/Src/Track.c:479:6:TrackOnesPacket	16	static
../Core/Src/Track.c:511:6:TrackZerosPacket	16	static
../Core/Src/Track.c:543:6:CheckTrackRestart	8	static
../Core/Src/Track.c:571:5:PacketToTrack	64	static
../Core/Src/Track.c:658:5:PacketToTrackCS	56	static
../Core/Src/Track.c:756:5:PacketToTrackBytes	40	static
../Core/Src/Track.c:786:5:PacketToTrackByte	72	static
../Core/Src/Track.c:896:5:PacketToTrackAmbig1	64	static
../Core/Src/Track.c:979:5:PacketToTrackAmbig2	72	static
../Core/Src/Track.c:1065:5:PacketToTrackBitArray	32	static
../Core/Src/Track.c:1121:6:EnableTrack	32	static
../Core/Src/Track.c:1165:6:DisableTrack	32	static
../Core/Src/Track.c:1209:9:GetTrackState	4	static
../Core/Src/Track.c:1421:12:GetTrackIdle	4	static
../Core/Src/Track.c:1427:6:SetTrackIdle	16	static
