DCC Packet Sender Block Diagram ECB           Revised:    August 20, 1994
                                              Revision: 3
Bill Of Materials             August 20, 1994     20:30:29          Page    1

 Item  Quantity  Reference                 Part            
___________________________________________________________

    1       2    C101,C102                 100 uFd         

    2       1    J201                      CON PC 62       

    3       1    U206                      74LS245         

    4       5    U204,U201,U202,U203,U205  74LS541         

    5      23    C201,C202,C203,C204,C205, .1 uFd          
                 C206,C207,C301,C302,C303,
                 C304,C401,C402,C403,C404,
                 C405,C406,C501,C502,C503,
                 C504,C601,C602

    6       1    U501                      74LS166         

    7       1    U502                      74LS161         

    8       3    U503,U403,U504            74LS74          

    9       1    U303                      74LS04          

   10       1    U405                      74LS08          

   11       2    U406,U304                 74LS02          

   12       1    U404                      74LS00          

   13       1    U401                      82C54           

   14       1    U402                      1 MHZ OSC.      

   15       1    U601                      26LS31          

   16       1    U602                      26LS32          

   17       1    J601                      DB25-S          

   18       1    R700                      100 Ohm 1 Watt  

   19      10    R701,R301,R302,R303,R702, 10K             
                 R703,R704,R705,R706,R707

   20       1    RS301                     SIP10C-4.7K     

   21       1    SW301                     SW DIP-8        

   22       1    U301                      82C55           

   23       6    JP302,JP301,JP303,JP304,  JUMPER          
                 JP305,JP306

   24       1    U302                      PAL20L8         
