../CS/Loco.c:79:6:InitLoco	16	static
../CS/Loco.c:109:7:NewLoco	24	static
../CS/Loco.c:150:7:FindLoco	24	static
../CS/Loco.c:177:7:FindAlias	24	static
../CS/Loco.c:205:7:FindLeadLoco	24	static
../CS/Loco.c:236:6:DeleteRecallLoco	24	static
../CS/Loco.c:276:6:GetLocoSpeed	16	static
../CS/Loco.c:296:6:SetLocoSpeed	16	static
../CS/Loco.c:330:6:GetLocoMaxSpeed	16	static
../CS/Loco.c:349:6:SetLocoMaxSpeed	16	static
../CS/Loco.c:370:15:GetLocoSpeedUnits	16	static
../CS/Loco.c:390:6:GetLocoSpeedMode	16	static
../CS/Loco.c:409:6:SetLocoSpeedMode	16	static
../CS/Loco.c:429:15:GetLocoDirection	16	static
../CS/Loco.c:448:6:SetLocoDirection	16	static
../CS/Loco.c:478:6:GetLocoFunctionOverride	16	static
../CS/Loco.c:497:6:SetLocoFunctionOverride	16	static
../CS/Loco.c:517:15:GetLocoFunctions	16	static
../CS/Loco.c:560:6:SetLocoFunctions	16	static
../CS/Loco.c:599:6:GetLocoAddress	16	static
../CS/Loco.c:618:6:GetLocoTrainNumber	16	static
../CS/Loco.c:637:6:SetLocoTrainNumber	16	static
../CS/Loco.c:658:6:GetLocoLocomotiveNumber	16	static
../CS/Loco.c:677:6:SetLocoLocomotiveNumber	16	static
../CS/Loco.c:698:6:GetLocoTrainTons	16	static
../CS/Loco.c:717:6:SetLocoTrainTons	16	static
../CS/Loco.c:738:7:GetLocoTrainName	16	static
../CS/Loco.c:757:6:SetLocoTrainName	16	static
../CS/Loco.c:778:7:GetLocoSpeedLabel	16	static
../CS/Loco.c:797:6:SetLocoSpeedLabel	16	static
../CS/Loco.c:819:6:SetLocoAlias	24	static
../CS/Loco.c:849:6:GetLocoAlias	16	static
../CS/Loco.c:870:15:GetLocoAliasDirection	16	static
../CS/Loco.c:891:15:IsLeadLoco	16	static
../CS/Loco.c:911:6:StopAllLocos	16	static
../CS/Loco.c:938:6:StopCabLocos	24	static
../CS/Loco.c:967:6:GetNumLocos	16	static
../CS/Loco.c:996:6:SaveLocoState	4	static
../CS/Loco.c:1024:6:ReadLocoState	576	static
