../CS/Wangrow/CabNCE.c:191:6:InitCabCommunication	48	static
../CS/Wangrow/CabNCE.c:240:6:SelectNextCab	4	static
../CS/Wangrow/CabNCE.c:267:6:MakeCabActive	24	static
../CS/Wangrow/CabNCE.c:331:6:MakeCabInactive	24	static
../CS/Wangrow/CabNCE.c:354:5:IsCabActive	24	static
../CS/Wangrow/CabNCE.c:382:6:HandleNCECabCommunication	16	static
../CS/Wangrow/CabNCE.c:581:6:HandleCabResponse	32	static
../CS/Wangrow/CabNCE.c:695:15:HandleCabOutput	32	static
../CS/Wangrow/CabNCE.c:785:15:IsKeyRegistered	16	static
../CS/Wangrow/CabNCE.c:812:6:SendNCECabKey	16	static
../CS/Wangrow/CabNCE.c:832:15:IsAnyCabText	16	static
../CS/Wangrow/CabNCE.c:872:6:RxCabResponse	16	static
../CS/Wangrow/CabNCE.c:897:6:TxCabResponse	4	static
../CS/Wangrow/CabNCE.c:921:6:SetLimits	16	static
../CS/Wangrow/CabNCE.c:942:6:NCE_RefreshDisplay	16	static
../CS/Wangrow/CabNCE.c:965:6:NCE_DisplayMessage	40	static
../CS/Wangrow/CabNCE.c:1034:6:NCE_PutQueue	16	static
../CS/Wangrow/CabNCE.c:1057:6:NCE_DisplayChar	24	static
../CS/Wangrow/CabNCE.c:1079:6:NCE_SetCursorPosition	16	static
../CS/Wangrow/CabNCE.c:1099:6:NCE_CursorOn	16	static
../CS/Wangrow/CabNCE.c:1120:6:NCE_CursorOff	16	static
../CS/Wangrow/CabNCE.c:1141:6:NCE_ClearDisplay	16	static
../CS/Wangrow/CabNCE.c:1164:6:UpdateWangrowClock	48	static
../CS/Wangrow/CabNCE.c:1197:6:NCE_SuppressClock	16	static
