../CS/Wangrow/Operate.c:155:6:RunOperate	16	static
../CS/Wangrow/Operate.c:212:6:DoDirection	40	static
../CS/Wangrow/Operate.c:318:6:IncSpeed	16	static
../CS/Wangrow/Operate.c:327:6:DecSpeed	16	static
../CS/Wangrow/Operate.c:350:6:DoSpeed	32	static
../CS/Wangrow/Operate.c:501:6:DoSpeedKnob	56	static
../CS/Wangrow/Operate.c:645:6:GetCombinedFunctions	32	static
../CS/Wangrow/Operate.c:701:7:GetFunctionLoco	48	static
../CS/Wangrow/Operate.c:768:6:DoFunction	32	static
../CS/Wangrow/Operate.c:835:6:DoRefresh	24	static
../CS/Wangrow/Operate.c:878:6:DoRunFunction	32	static
../CS/Wangrow/Operate.c:939:6:DoSpeedMode	32	static
../CS/Wangrow/Operate.c:1017:6:DoBrake	24	static
../CS/Wangrow/Operate.c:1059:6:DoEmergencyStop	24	static
../CS/Wangrow/Operate.c:1146:6:DoRecall	32	static
../CS/Wangrow/Operate.c:1202:6:SetLocoDisconnect	24	static
../CS/Wangrow/Operate.c:1237:6:DoEnter	16	static
../CS/Wangrow/Operate.c:1294:6:DisplayAddress	40	static
../CS/Wangrow/Operate.c:1347:6:DisplayDirection	16	static
../CS/Wangrow/Operate.c:1381:6:DisplaySpeed	40	static
../CS/Wangrow/Operate.c:1505:6:DisplayFunction	32	static
../CS/Wangrow/Operate.c:1591:6:RestoreOperateScreen	24	static
