../Drivers/STM32H5xx_HAL_Driver/Src/stm32h5xx_hal_uart.c:309:19:HAL_UART_Init	16	static
../Drivers/STM32H5xx_HAL_Driver/Src/stm32h5xx_hal_uart.c:384:19:HAL_HalfDuplex_Init	16	static
../Drivers/STM32H5xx_HAL_Driver/Src/stm32h5xx_hal_uart.c:459:19:HAL_LIN_Init	16	static
../Drivers/STM32H5xx_HAL_Driver/Src/stm32h5xx_hal_uart.c:558:19:HAL_MultiProcessor_Init	24	static
../Drivers/STM32H5xx_HAL_Driver/Src/stm32h5xx_hal_uart.c:634:19:HAL_UART_DeInit	16	static
../Drivers/STM32H5xx_HAL_Driver/Src/stm32h5xx_hal_uart.c:681:13:HAL_UART_MspInit	16	static
../Drivers/STM32H5xx_HAL_Driver/Src/stm32h5xx_hal_uart.c:696:13:HAL_UART_MspDeInit	16	static
../Drivers/STM32H5xx_HAL_Driver/Src/stm32h5xx_hal_uart.c:1119:19:HAL_UART_Transmit	48	static
../Drivers/STM32H5xx_HAL_Driver/Src/stm32h5xx_hal_uart.c:1215:19:HAL_UART_Receive	48	static
../Drivers/STM32H5xx_HAL_Driver/Src/stm32h5xx_hal_uart.c:1305:19:HAL_UART_Transmit_IT	72	static,ignoring_inline_asm
../Drivers/STM32H5xx_HAL_Driver/Src/stm32h5xx_hal_uart.c:1379:19:HAL_UART_Receive_IT	48	static,ignoring_inline_asm
../Drivers/STM32H5xx_HAL_Driver/Src/stm32h5xx_hal_uart.c:1427:19:HAL_UART_Transmit_DMA	56	static,ignoring_inline_asm
../Drivers/STM32H5xx_HAL_Driver/Src/stm32h5xx_hal_uart.c:1536:19:HAL_UART_Receive_DMA	48	static,ignoring_inline_asm
../Drivers/STM32H5xx_HAL_Driver/Src/stm32h5xx_hal_uart.c:1572:19:HAL_UART_DMAPause	72	static,ignoring_inline_asm
../Drivers/STM32H5xx_HAL_Driver/Src/stm32h5xx_hal_uart.c:1634:19:HAL_UART_DMAResume	64	static,ignoring_inline_asm
../Drivers/STM32H5xx_HAL_Driver/Src/stm32h5xx_hal_uart.c:1683:19:HAL_UART_DMAStop	72	static,ignoring_inline_asm
../Drivers/STM32H5xx_HAL_Driver/Src/stm32h5xx_hal_uart.c:1759:19:HAL_UART_Abort	88	static,ignoring_inline_asm
../Drivers/STM32H5xx_HAL_Driver/Src/stm32h5xx_hal_uart.c:1858:19:HAL_UART_AbortTransmit	64	static,ignoring_inline_asm
../Drivers/STM32H5xx_HAL_Driver/Src/stm32h5xx_hal_uart.c:1916:19:HAL_UART_AbortReceive	88	static,ignoring_inline_asm
../Drivers/STM32H5xx_HAL_Driver/Src/stm32h5xx_hal_uart.c:1983:19:HAL_UART_Abort_IT	96	static,ignoring_inline_asm
../Drivers/STM32H5xx_HAL_Driver/Src/stm32h5xx_hal_uart.c:2132:19:HAL_UART_AbortTransmit_IT	64	static,ignoring_inline_asm
../Drivers/STM32H5xx_HAL_Driver/Src/stm32h5xx_hal_uart.c:2222:19:HAL_UART_AbortReceive_IT	88	static,ignoring_inline_asm
../Drivers/STM32H5xx_HAL_Driver/Src/stm32h5xx_hal_uart.c:2314:6:HAL_UART_IRQHandler	192	static,ignoring_inline_asm
../Drivers/STM32H5xx_HAL_Driver/Src/stm32h5xx_hal_uart.c:2643:13:HAL_UART_TxCpltCallback	16	static
../Drivers/STM32H5xx_HAL_Driver/Src/stm32h5xx_hal_uart.c:2658:13:HAL_UART_TxHalfCpltCallback	16	static
../Drivers/STM32H5xx_HAL_Driver/Src/stm32h5xx_hal_uart.c:2673:13:HAL_UART_RxCpltCallback	16	static
../Drivers/STM32H5xx_HAL_Driver/Src/stm32h5xx_hal_uart.c:2688:13:HAL_UART_RxHalfCpltCallback	16	static
../Drivers/STM32H5xx_HAL_Driver/Src/stm32h5xx_hal_uart.c:2703:13:HAL_UART_ErrorCallback	16	static
../Drivers/STM32H5xx_HAL_Driver/Src/stm32h5xx_hal_uart.c:2718:13:HAL_UART_AbortCpltCallback	16	static
../Drivers/STM32H5xx_HAL_Driver/Src/stm32h5xx_hal_uart.c:2733:13:HAL_UART_AbortTransmitCpltCallback	16	static
../Drivers/STM32H5xx_HAL_Driver/Src/stm32h5xx_hal_uart.c:2748:13:HAL_UART_AbortReceiveCpltCallback	16	static
../Drivers/STM32H5xx_HAL_Driver/Src/stm32h5xx_hal_uart.c:2765:13:HAL_UARTEx_RxEventCallback	16	static
../Drivers/STM32H5xx_HAL_Driver/Src/stm32h5xx_hal_uart.c:2813:6:HAL_UART_ReceiverTimeout_Config	16	static
../Drivers/STM32H5xx_HAL_Driver/Src/stm32h5xx_hal_uart.c:2828:19:HAL_UART_EnableReceiverTimeout	16	static
../Drivers/STM32H5xx_HAL_Driver/Src/stm32h5xx_hal_uart.c:2866:19:HAL_UART_DisableReceiverTimeout	16	static
../Drivers/STM32H5xx_HAL_Driver/Src/stm32h5xx_hal_uart.c:2904:19:HAL_MultiProcessor_EnableMuteMode	40	static,ignoring_inline_asm
../Drivers/STM32H5xx_HAL_Driver/Src/stm32h5xx_hal_uart.c:2924:19:HAL_MultiProcessor_DisableMuteMode	40	static,ignoring_inline_asm
../Drivers/STM32H5xx_HAL_Driver/Src/stm32h5xx_hal_uart.c:2944:6:HAL_MultiProcessor_EnterMuteMode	16	static
../Drivers/STM32H5xx_HAL_Driver/Src/stm32h5xx_hal_uart.c:2954:19:HAL_HalfDuplex_EnableTransmitter	64	static,ignoring_inline_asm
../Drivers/STM32H5xx_HAL_Driver/Src/stm32h5xx_hal_uart.c:2977:19:HAL_HalfDuplex_EnableReceiver	64	static,ignoring_inline_asm
../Drivers/STM32H5xx_HAL_Driver/Src/stm32h5xx_hal_uart.c:3001:19:HAL_LIN_SendBreak	16	static
../Drivers/STM32H5xx_HAL_Driver/Src/stm32h5xx_hal_uart.c:3046:23:HAL_UART_GetState	24	static
../Drivers/STM32H5xx_HAL_Driver/Src/stm32h5xx_hal_uart.c:3062:10:HAL_UART_GetError	16	static
../Drivers/STM32H5xx_HAL_Driver/Src/stm32h5xx_hal_uart.c:3108:19:UART_SetConfig	112	static
../Drivers/STM32H5xx_HAL_Driver/Src/stm32h5xx_hal_uart.c:3265:6:UART_AdvFeatureConfig	16	static
../Drivers/STM32H5xx_HAL_Driver/Src/stm32h5xx_hal_uart.c:3341:19:UART_CheckIdleState	104	static,ignoring_inline_asm
../Drivers/STM32H5xx_HAL_Driver/Src/stm32h5xx_hal_uart.c:3410:19:UART_WaitOnFlagUntilTimeout	24	static
../Drivers/STM32H5xx_HAL_Driver/Src/stm32h5xx_hal_uart.c:3478:19:UART_Start_Receive_IT	144	static,ignoring_inline_asm
../Drivers/STM32H5xx_HAL_Driver/Src/stm32h5xx_hal_uart.c:3551:19:UART_Start_Receive_DMA	104	static,ignoring_inline_asm
../Drivers/STM32H5xx_HAL_Driver/Src/stm32h5xx_hal_uart.c:3647:13:UART_EndTxTransfer	64	static,ignoring_inline_asm
../Drivers/STM32H5xx_HAL_Driver/Src/stm32h5xx_hal_uart.c:3664:13:UART_EndRxTransfer	88	static,ignoring_inline_asm
../Drivers/STM32H5xx_HAL_Driver/Src/stm32h5xx_hal_uart.c:3691:13:UART_DMATransmitCplt	48	static,ignoring_inline_asm
../Drivers/STM32H5xx_HAL_Driver/Src/stm32h5xx_hal_uart.c:3721:13:UART_DMATxHalfCplt	24	static
../Drivers/STM32H5xx_HAL_Driver/Src/stm32h5xx_hal_uart.c:3739:13:UART_DMAReceiveCplt	96	static,ignoring_inline_asm
../Drivers/STM32H5xx_HAL_Driver/Src/stm32h5xx_hal_uart.c:3796:13:UART_DMARxHalfCplt	24	static
../Drivers/STM32H5xx_HAL_Driver/Src/stm32h5xx_hal_uart.c:3834:13:UART_DMAError	32	static
../Drivers/STM32H5xx_HAL_Driver/Src/stm32h5xx_hal_uart.c:3874:13:UART_DMAAbortOnError	24	static
../Drivers/STM32H5xx_HAL_Driver/Src/stm32h5xx_hal_uart.c:3897:13:UART_DMATxAbortCallback	24	static
../Drivers/STM32H5xx_HAL_Driver/Src/stm32h5xx_hal_uart.c:3952:13:UART_DMARxAbortCallback	24	static
../Drivers/STM32H5xx_HAL_Driver/Src/stm32h5xx_hal_uart.c:4004:13:UART_DMATxOnlyAbortCallback	24	static
../Drivers/STM32H5xx_HAL_Driver/Src/stm32h5xx_hal_uart.c:4037:13:UART_DMARxOnlyAbortCallback	24	static
../Drivers/STM32H5xx_HAL_Driver/Src/stm32h5xx_hal_uart.c:4071:13:UART_TxISR_8BIT	64	static,ignoring_inline_asm
../Drivers/STM32H5xx_HAL_Driver/Src/stm32h5xx_hal_uart.c:4100:13:UART_TxISR_16BIT	72	static,ignoring_inline_asm
../Drivers/STM32H5xx_HAL_Driver/Src/stm32h5xx_hal_uart.c:4132:13:UART_TxISR_8BIT_FIFOEN	72	static,ignoring_inline_asm
../Drivers/STM32H5xx_HAL_Driver/Src/stm32h5xx_hal_uart.c:4172:13:UART_TxISR_16BIT_FIFOEN	72	static,ignoring_inline_asm
../Drivers/STM32H5xx_HAL_Driver/Src/stm32h5xx_hal_uart.c:4213:13:UART_EndTransmit_IT	40	static,ignoring_inline_asm
../Drivers/STM32H5xx_HAL_Driver/Src/stm32h5xx_hal_uart.c:4238:13:UART_RxISR_8BIT	120	static,ignoring_inline_asm
../Drivers/STM32H5xx_HAL_Driver/Src/stm32h5xx_hal_uart.c:4329:13:UART_RxISR_16BIT	120	static,ignoring_inline_asm
../Drivers/STM32H5xx_HAL_Driver/Src/stm32h5xx_hal_uart.c:4422:13:UART_RxISR_8BIT_FIFOEN	184	static,ignoring_inline_asm
../Drivers/STM32H5xx_HAL_Driver/Src/stm32h5xx_hal_uart.c:4584:13:UART_RxISR_16BIT_FIFOEN	192	static,ignoring_inline_asm
