../Send/SRC/SEND/t_stat.h:34:2:T_stat::T_stat()	16	static
../Send/SRC/SEND/t_stat.h:39:2:T_stat::~T_stat()	16	static
../Send/SRC/SEND/t_stat.h:42:2:void T_stat::reset()	16	static
../Send/SRC/SEND/t_stat.h:48:9:u_long T_stat::get_t_cnt() const	16	static
../Send/SRC/SEND/t_stat.h:50:9:u_long T_stat::get_f_cnt() const	16	static
../Send/SRC/SEND/t_stat.h:52:9:u_long T_stat::get_p_cnt() const	16	static
../Send/SRC/SEND/t_stat.h:55:2:u_long T_stat::get_percent() const	16	static
../Send/SRC/SEND/t_stat.h:67:9:u_long T_stat::incr_t_cnt()	16	static
../Send/SRC/SEND/t_stat.h:69:9:u_long T_stat::incr_f_cnt()	16	static
C:/Users/konem/nmradcc/sender/V4-563/Send/INCLUDE/z_core.h:122:2:Z_core::Z_core()	16	static
C:/Users/konem/nmradcc/sender/V4-563/Send/INCLUDE/z_core.h:140:2:const Z_obj_err_t Z_core::get_obj_errs() const	16	static
../Send/SRC/SEND/args.h:66:11:u_short Args_obj::get_decoder_address() const	16	static
../Send/SRC/SEND/args.h:70:14:Dec_types Args_obj::get_decoder_type() const	16	static
../Send/SRC/SEND/args.h:72:10:bool Args_obj::get_crit_flag() const	16	static
../Send/SRC/SEND/args.h:74:11:bool Args_obj::get_fragment_flag() const	16	static
../Send/SRC/SEND/args.h:84:12:u_int Args_obj::get_extra_preamble() const	16	static
../Send/SRC/SEND/args.h:92:12:u_int Args_obj::get_test_repeats() const	16	static
../Send/SRC/SEND/args.h:100:10:bool Args_obj::get_late_scope() const	16	static
../Send/SRC/SEND/args.h:102:10:bool Args_obj::get_ambig_addr_same() const	16	static
../Send/SRC/SEND/args.h:104:11:BYTE Args_obj::get_aspect_preset() const	16	static
../Send/SRC/SEND/args.h:106:11:BYTE Args_obj::get_aspect_trigger() const	16	static
../Send/SRC/SEND/args.h:108:10:bool Args_obj::get_lamp_rear() const	16	static
../Send/SRC/SEND/args.h:110:11:BYTE Args_obj::get_func_mask() const	16	static
../Send/SRC/SEND/args.h:114:11:BYTE Args_obj::get_acc_pre() const	16	static
../Send/SRC/SEND/args.h:116:11:BYTE Args_obj::get_acc_trg() const	16	static
../Send/SRC/SEND/args.h:118:13:bool Args_obj::get_kick_start() const	16	static
C:/Users/konem/nmradcc/sender/V4-563/Send/INCLUDE/bits.h:135:2:u_int Bits::get_byte_size() const	16	static
C:/Users/konem/nmradcc/sender/V4-563/Send/INCLUDE/bits.h:145:2:BYTE Bits::get_check() const	16	static
C:/Users/konem/nmradcc/sender/V4-563/Send/INCLUDE/bits.h:151:2:void Bits::rst_out()	16	static
C:/Users/konem/nmradcc/sender/V4-563/Send/INCLUDE/bits.h:175:2:Bits& Bits::put_check()	16	static
C:/Users/konem/nmradcc/sender/V4-563/Send/INCLUDE/bits.h:183:2:Bits& Bits::clr_check()	16	static
C:/Users/konem/nmradcc/sender/V4-563/Send/INCLUDE/bits.h:225:2:Bits& Bits::put_cmd_pkt_28(BYTE, bool, int, u_int)	24	static
../Send/SRC/SEND/dec_tst.h:177:10:void Dec_tst::print_test_rslt(Rslt_t)	16	static
../Send/SRC/SEND/sr_core.h:52:7:BYTE Sr_core::get_gen() const	16	static
../Send/SRC/SEND/send_reg.h:106:7:bool Send_reg::get_running() const	16	static
../Send/SRC/SEND/send_reg.h:115:7:bool Send_reg::get_log_pkts() const	16	static
../Send/SRC/SEND/send_reg.h:122:7:void Send_reg::set_do_crit(bool)	16	static
../Send/SRC/SEND/send_reg.h:123:7:void Send_reg::set_swap_0_1(bool)	16	static
../Send/SRC/SEND/send_reg.h:135:2:void Send_reg::set_scope(bool)	16	static
../Send/SRC/SEND/send_reg.h:156:7:void Send_reg::clr_under()	16	static
../Send/SRC/SEND/send_reg.h:169:7:void Send_reg::clr_err_cnt()	16	static
../Send/SRC/SEND/send_reg.h:176:9:Rslt_t Send_reg::send_idle()	16	static
../Send/SRC/SEND/DEC_TST.cpp:46:13:void dummy(const char*, const char*)	16	static
../Send/SRC/SEND/DEC_TST.cpp:451:1:void Dec_tst::debug_gen(const char*)	16	static
../Send/SRC/SEND/DEC_TST.cpp:478:1:void Dec_tst::fsoc_send(const char*)	16	static
C:/Users/konem/nmradcc/sender/V4-563/Send/INCLUDE/bits.h:304:7:Fsoc_bits::~Fsoc_bits()	16	static
../Send/SRC/SEND/DEC_TST.cpp:510:1:Dec_tst::Dec_tst()	16	static
../Send/SRC/SEND/DEC_TST.cpp:546:1:Dec_tst::~Dec_tst()	16	static
../Send/SRC/SEND/DEC_TST.cpp:570:1:void Dec_tst::print_user_docs(FILE*)	56	static
../Send/SRC/SEND/DEC_TST.cpp:694:1:Rslt_t Dec_tst::decoder_test(Rslt_t&)	88	static
../Send/SRC/SEND/DEC_TST.cpp:1129:1:bool Dec_tst::get_test_break()	24	static
../Send/SRC/SEND/DEC_TST.cpp:1175:1:Rslt_t Dec_tst::decoder_ramp(Rslt_t&)	72	static
../Send/SRC/SEND/DEC_TST.cpp:1338:1:Rslt_t Dec_tst::func_ramp(Rslt_t&)	64	static
../Send/SRC/SEND/DEC_TST.cpp:1439:1:Rslt_t Dec_tst::acc_ramp(Rslt_t&)	80	static
../Send/SRC/SEND/DEC_TST.cpp:1551:1:Rslt_t Dec_tst::sig_ramp(Rslt_t&)	64	static
../Send/SRC/SEND/DEC_TST.cpp:1652:1:Rslt_t Dec_tst::decoder_ames(Rslt_t&, u_int, u_int)	72	static
../Send/SRC/SEND/DEC_TST.cpp:1848:1:Rslt_t Dec_tst::decoder_str0_ames(Rslt_t&, u_short, u_short)	72	static
../Send/SRC/SEND/DEC_TST.cpp:2052:1:Rslt_t Dec_tst::decoder_bad_addr(Rslt_t&)	88	static
../Send/SRC/SEND/DEC_TST.cpp:2284:1:Rslt_t Dec_tst::decoder_bad_bit(Rslt_t&)	72	static
../Send/SRC/SEND/DEC_TST.cpp:2527:1:Rslt_t Dec_tst::decoder_margin_1()	72	static
../Send/SRC/SEND/DEC_TST.cpp:2647:1:Rslt_t Dec_tst::decoder_duty_1()	72	static
../Send/SRC/SEND/DEC_TST.cpp:2768:1:Rslt_t Dec_tst::quick_ames(u_int&, const char*, u_short, u_short, u_short, u_int, bool)	64	static
../Send/SRC/SEND/DEC_TST.cpp:2982:1:Rslt_t Dec_tst::decoder_truncate(Rslt_t&)	88	static
../Send/SRC/SEND/DEC_TST.cpp:3246:1:Rslt_t Dec_tst::decoder_prior(Rslt_t&)	96	static
../Send/SRC/SEND/DEC_TST.cpp:3531:1:Rslt_t Dec_tst::decoder_6_byte(Rslt_t&)	112	static
../Send/SRC/SEND/DEC_TST.cpp:3810:1:Rslt_t Dec_tst::decoder_ambig1(Rslt_t&)	96	static
../Send/SRC/SEND/DEC_TST.cpp:4129:1:Rslt_t Dec_tst::decoder_ambig2(Rslt_t&)	104	static
../Send/SRC/SEND/DEC_TST.cpp:4417:1:void Dec_tst::calc_filler(u_short, u_short)	16	static
../Send/SRC/SEND/DEC_TST.cpp:4470:1:Rslt_t Dec_tst::send_filler()	24	static
../Send/SRC/SEND/DEC_TST.cpp:4510:1:const char* Dec_tst::err_phrase(bool, bool, bool)	24	static
../Send/SRC/SEND/DEC_TST.cpp:4555:1:const char* Dec_tst::min_phrase(u_short, u_short)	16	static
../Send/SRC/SEND/DEC_TST.cpp:4597:1:const char* Dec_tst::max_phrase(u_short, u_short)	16	static
../Send/SRC/SEND/DEC_TST.cpp:4640:1:const char* Dec_tst::min_duty_phrase(u_short, u_short, u_short)	24	static
../Send/SRC/SEND/DEC_TST.cpp:4684:1:const char* Dec_tst::max_duty_phrase(u_short, u_short, u_short)	24	static
../Send/SRC/SEND/DEC_TST.cpp:4726:1:void Dec_tst::set_trig_rev(bool)	16	static
