../Send/SRC/SEND/sr_core.h:59:10:u_short Sr_core::get_cnt0t() const	16	static
../Send/SRC/SEND/sr_core.h:60:10:u_short Sr_core::get_cnt0h() const	16	static
../Send/SRC/SEND/sr_core.h:61:10:u_short Sr_core::get_cnt1t() const	16	static
../Send/SRC/SEND/sr_core.h:72:7:void Sr_core::set_cnt0t(u_short)	16	static
../Send/SRC/SEND/sr_core.h:73:7:void Sr_core::set_cnt0h(u_short)	16	static
../Send/SRC/SEND/sr_core.h:74:7:void Sr_core::set_cnt1t(u_short)	16	static
../Send/SRC/SEND/test_reg.h:116:9:Rslt_t Test_reg::test(const Sr_core&) const	16	static
../Send/SRC/SEND/self_tst.h:81:9:u_long Self_tst::get_tst_cnt() const	16	static
../Send/SRC/SEND/self_tst.h:82:9:u_long Self_tst::get_tst_pass() const	16	static
../Send/SRC/SEND/self_tst.h:83:9:u_long Self_tst::get_tst_fail() const	16	static
../Send/SRC/SEND/self_tst.h:85:9:u_long Self_tst::get_v_tst_fail() const	16	static
../Send/SRC/SEND/self_tst.h:87:9:u_long Self_tst::get_d_tst_fail() const	16	static
../Send/SRC/SEND/self_tst.h:88:9:u_long Self_tst::get_vd_tst_fail() const	16	static
../Send/SRC/SEND/self_tst.h:89:9:u_long Self_tst::get_min_0() const	16	static
../Send/SRC/SEND/self_tst.h:90:9:u_long Self_tst::get_avg_0() const	24	static
../Send/SRC/SEND/self_tst.h:94:9:u_long Self_tst::get_max_0() const	16	static
../Send/SRC/SEND/self_tst.h:95:9:u_long Self_tst::get_min_1() const	16	static
../Send/SRC/SEND/self_tst.h:96:9:u_long Self_tst::get_avg_1() const	24	static
../Send/SRC/SEND/self_tst.h:100:9:u_long Self_tst::get_max_1() const	16	static
../Send/SRC/SEND/SELF_TST.cpp:39:13:void dummy(const char*, const char*)	16	static
../Send/SRC/SEND/SELF_TST.cpp:78:1:void Self_tst::print_stats() const	48	static
../Send/SRC/SEND/SELF_TST.cpp:140:1:Rslt_t Self_tst::test_send()	24	static
../Send/SRC/SEND/SELF_TST.cpp:198:1:Rslt_t Self_tst::vector_test()	16	static
../Send/SRC/SEND/SELF_TST.cpp:543:1:void Self_tst::do_tick(int)	16	static
../Send/SRC/SEND/SELF_TST.cpp:576:1:Rslt_t Self_tst::do_test()	16	static
../Send/SRC/SEND/SELF_TST.cpp:616:1:Rslt_t Self_tst::clk_test(int)	24	static
../Send/SRC/SEND/SELF_TST.cpp:728:1:Rslt_t Self_tst::clk_test_00()	16	static
../Send/SRC/SEND/SELF_TST.cpp:801:1:Rslt_t Self_tst::clk_test_10()	16	static
../Send/SRC/SEND/SELF_TST.cpp:881:1:Rslt_t Self_tst::clk_test_01()	16	static
../Send/SRC/SEND/SELF_TST.cpp:944:1:Rslt_t Self_tst::clk_test_11()	16	static
../Send/SRC/SEND/SELF_TST.cpp:1011:1:Rslt_t Self_tst::dynamic_test()	40	static
../Send/SRC/SEND/SELF_TST.cpp:1098:1:u_long Self_tst::stop_watch(const RTC_TimeTypeDef*) const	56	static
../Send/SRC/SEND/SELF_TST.cpp:1145:1:void Self_tst::start_watch(RTC_TimeTypeDef*)	24	static
