C:/Users/konem/nmradcc/sender/V4-563/Send/INCLUDE/z_core.h:140:2:const Z_obj_err_t Z_core::get_obj_errs() const	16	static
../Send/SRC/SEND/send_reg.h:135:2:void Send_reg::set_scope(bool)	16	static
../Send/SRC/SEND/send_reg.h:156:7:void Send_reg::clr_under()	16	static
../Send/SRC/SEND/send_reg.h:169:7:void Send_reg::clr_err_cnt()	16	static
C:/Users/konem/nmradcc/sender/V4-563/Send/INCLUDE/bits.h:129:2:const BYTE* Bits::get_byte_array() const	16	static
C:/Users/konem/nmradcc/sender/V4-563/Send/INCLUDE/bits.h:135:2:u_int Bits::get_byte_size() const	16	static
C:/Users/konem/nmradcc/sender/V4-563/Send/INCLUDE/bits.h:175:2:Bits& Bits::put_check()	16	static
C:/Users/konem/nmradcc/sender/V4-563/Send/INCLUDE/bits.h:183:2:Bits& Bits::clr_check()	16	static
C:/Users/konem/nmradcc/sender/V4-563/Send/INCLUDE/bits.h:225:2:Bits& Bits::put_cmd_pkt_28(BYTE, bool, int, u_int)	24	static
../Send/SRC/SEND/args.h:66:11:u_short Args_obj::get_decoder_address() const	16	static
../Send/SRC/SEND/args.h:84:12:u_int Args_obj::get_extra_preamble() const	16	static
../Send/SRC/SEND/args.h:108:10:bool Args_obj::get_lamp_rear() const	16	static
../Send/SRC/SEND/args.h:110:11:BYTE Args_obj::get_func_mask() const	16	static
../Send/SRC/SEND/SEND_REG.cpp:33:13:void dummy(const char*, const char*)	16	static
../Send/SRC/SEND/SEND_REG.cpp:96:1:Rslt_t Send_reg::init_8254()	16	static
../Send/SRC/SEND/SEND_REG.cpp:136:1:Rslt_t Send_reg::init_8255()	16	static
../Send/SRC/SEND/SEND_REG.cpp:170:1:Rslt_t Send_reg::rst_8255()	16	static
../Send/SRC/SEND/SEND_REG.cpp:201:1:Rslt_t Send_reg::init_send()	16	static
../Send/SRC/SEND/SEND_REG.cpp:440:1:Rslt_t Send_reg::set_clk(u_short, u_short, u_short)	40	static
../Send/SRC/SEND/SEND_REG.cpp:572:1:Rslt_t Send_reg::start_clk()	24	static
../Send/SRC/SEND/SEND_REG.cpp:625:1:Rslt_t Send_reg::stop_clk()	24	static
../Send/SRC/SEND/SEND_REG.cpp:677:1:Rslt_t Send_reg::send_bytes(u_int, BYTE, const char*)	48	static
../Send/SRC/SEND/SEND_REG.cpp:808:1:Rslt_t Send_reg::send_stretched_byte(u_short, u_short, BYTE, const char*)	56	static
../Send/SRC/SEND/SEND_REG.cpp:1077:1:Rslt_t Send_reg::send_1_ambig_bit(u_short, u_short, BYTE, const char*)	56	static
../Send/SRC/SEND/SEND_REG.cpp:1380:1:Rslt_t Send_reg::send_2_ambig_bits(u_short, u_short, u_short, u_short, BYTE, const char*)	72	static
../Send/SRC/SEND/SEND_REG.cpp:1755:1:Rslt_t Send_reg::send_pkt(const BYTE*, u_int, const char*)	40	static
../Send/SRC/SEND/SEND_REG.cpp:1886:1:Rslt_t Send_reg::send_pkt(Bits&, const char*)	48	static
../Send/SRC/SEND/SEND_REG.cpp:2030:1:bool Send_reg::errprint_ok()	32	static
../Send/SRC/SEND/SEND_REG.cpp:2067:1:void Send_reg::print_stats()	16	static
../Send/SRC/SEND/SEND_REG.cpp:2092:1:void Send_reg::update()	16	static
../Send/SRC/SEND/SEND_REG.cpp:2144:1:void Send_reg::up_print(bool)	16	static
../Send/SRC/SEND/SEND_REG.cpp:2174:1:Rslt_t Send_reg::set_pc_delay_1usec()	24	static
../Send/SRC/SEND/SEND_REG.cpp:2306:1:u_int Send_reg::pc_delay_high(u_int)	24	static
../Send/SRC/SEND/SEND_REG.cpp:2339:1:u_int Send_reg::pc_delay_low(u_int)	24	static
../Send/SRC/SEND/SEND_REG.cpp:2377:1:static u_short Send_reg::fill_idles(u_long, u_short, u_short)	24	static
../Send/SRC/SEND/SEND_REG.cpp:2402:1:static u_short Send_reg::fill_cmds_1(u_long, u_short, u_short)	24	static
../Send/SRC/SEND/SEND_REG.cpp:2429:1:static u_short Send_reg::fill_cmds_2(u_long, u_short, u_short)	24	static
../Send/SRC/SEND/SEND_REG.cpp:2482:1:Rslt_t Send_reg::kick_start(Bits&, Args_obj&)	72	static
../Send/SRC/SEND/SEND_REG.cpp:2630:1:void Send_reg::print_pkt_log(const BYTE*, u_int)	32	static
