C:/Users/konem/nmradcc/sender/V4-563/Send/INCLUDE/z_core.h:122:2:Z_core::Z_core()	16	static
C:/Users/konem/nmradcc/sender/V4-563/Send/INCLUDE/z_core.h:140:2:const Z_obj_err_t Z_core::get_obj_errs() const	16	static
C:/Users/konem/nmradcc/sender/V4-563/Send/INCLUDE/bits.h:49:1:u_int bits_to_bytes(u_int)	16	static
C:/Users/konem/nmradcc/sender/V4-563/Send/INCLUDE/bits.h:122:2:u_int Bits::get_bit_size() const	16	static
C:/Users/konem/nmradcc/sender/V4-563/Send/INCLUDE/bits.h:175:2:Bits& Bits::put_check()	16	static
C:/Users/konem/nmradcc/sender/V4-563/Send/INCLUDE/bits.h:183:2:Bits& Bits::clr_check()	16	static
C:/Users/konem/nmradcc/sender/V4-563/Send/INCLUDE/bits.h:225:2:Bits& Bits::put_cmd_pkt_28(BYTE, bool, int, u_int)	24	static
../Send/LIB/BITS.cpp:37:13:void dummy(const char*, const char*)	16	static
../Send/LIB/BITS.cpp:96:1:Bits::Bits(u_int)	16	static
../Send/LIB/BITS.cpp:130:1:Bits::~Bits()	16	static
../Send/LIB/BITS.cpp:154:1:Rslt_t Bits::print() const	32	static
../Send/LIB/BITS.cpp:213:1:Bits& Bits::clr_in()	16	static
../Send/LIB/BITS.cpp:245:1:Rslt_t Bits::get_byte(BYTE&)	16	static
../Send/LIB/BITS.cpp:276:1:Bits& Bits::put_cmd_14(bool, bool, int)	32	static
../Send/LIB/BITS.cpp:336:1:Bits& Bits::put_cmd_28(bool, int)	32	static
../Send/LIB/BITS.cpp:407:1:Bits& Bits::put_byte(BYTE)	24	static
../Send/LIB/BITS.cpp:461:1:Bits& Bits::put_1s(u_int)	16	static
../Send/LIB/BITS.cpp:533:1:Bits& Bits::put_0s(u_int)	16	static
../Send/LIB/BITS.cpp:607:1:Bits& Bits::put_fsoc()	16	static
../Send/LIB/BITS.cpp:633:1:Bits& Bits::put_reset_pkt(u_int, u_int)	24	static
../Send/LIB/BITS.cpp:665:1:Bits& Bits::put_idle_pkt(u_int, u_int)	24	static
../Send/LIB/BITS.cpp:698:1:Bits& Bits::put_acc_pkt(u_short, bool, BYTE, u_int)	24	static
../Send/LIB/BITS.cpp:742:1:Bits& Bits::put_sig_pkt(u_short, BYTE, u_int)	32	static
../Send/LIB/BITS.cpp:801:1:Bits& Bits::put_func_grp_pkt(u_short, Func_Grps, BYTE, u_int)	24	static
../Send/LIB/BITS.cpp:855:1:Bits& Bits::put_func_grp_pktx(u_short, Func_Grps, BYTE, u_int)	24	static
../Send/LIB/BITS.cpp:913:1:Bits& Bits::done()	16	static
../Send/LIB/BITS.cpp:949:1:Rslt_t Bits::set_flip(u_int)	24	static
../Send/LIB/BITS.cpp:998:1:void Bits::clr_flip()	16	static
../Send/LIB/BITS.cpp:1029:1:Rslt_t Bits::clr_bit(u_int)	24	static
../Send/LIB/BITS.cpp:1072:1:Rslt_t Bits::truncate(u_int)	16	static
../Send/LIB/BITS.cpp:1105:1:Fsoc_bits::Fsoc_bits()	24	static
../Send/LIB/BITS.cpp:1135:1:Idle_bits::Idle_bits(u_int)	24	static
